<area shape="rect" href="$epapi_8h.html" title="/home/jldupont/workspace/epapi/trunk/project/lib/include/epapi.h" alt="" coords="1524,80,1916,107">
<area shape="rect" href="$epapi__base_8cc.html" title="/home/jldupont/workspace/epapi/trunk/project/lib/src/epapi_base.cc" alt="" coords="5,155,416,181">
<area shape="rect" href="$epapi__msg_8cc.html" title="/home/jldupont/workspace/epapi/trunk/project/lib/src/epapi_msg.cc" alt="" coords="440,155,848,181">
<area shape="rect" href="$epapi__pkt_8cc.html" title="Implementation for." alt="" coords="872,155,1272,181">
<area shape="rect" href="$epapi__term_8cc.html" title="/home/jldupont/workspace/epapi/trunk/project/lib/src/epapi_term.cc" alt="" coords="1296,155,1704,181">
<area shape="rect" href="$epapi__msg_8h.html" title="/home/jldupont/workspace/epapi/trunk/project/lib/include/epapi_msg.h" alt="" coords="1728,155,2152,181">
<area shape="rect" href="$epapi__pkt_8h.html" title="/home/jldupont/workspace/epapi/trunk/project/lib/include/epapi_pkt.h" alt="" coords="2176,155,2592,181">
