<area shape="rect" href="$epapi__base_8cc.html" title="/home/jldupont/workspace/epapi/trunk/project/lib/src/epapi_base.cc" alt="" coords="5,80,416,107">
<area shape="rect" href="$epapi__msg_8cc.html" title="/home/jldupont/workspace/epapi/trunk/project/lib/src/epapi_msg.cc" alt="" coords="440,80,848,107">
<area shape="rect" href="$epapi__pkt_8cc.html" title="Implementation for." alt="" coords="872,80,1272,107">
<area shape="rect" href="$epapi__term_8cc.html" title="/home/jldupont/workspace/epapi/trunk/project/lib/src/epapi_term.cc" alt="" coords="1296,80,1704,107">
<area shape="rect" href="$epapi__msg_8h.html" title="/home/jldupont/workspace/epapi/trunk/project/lib/include/epapi_msg.h" alt="" coords="1728,80,2152,107">
<area shape="rect" href="$epapi__pkt_8h.html" title="/home/jldupont/workspace/epapi/trunk/project/lib/include/epapi_pkt.h" alt="" coords="2176,80,2592,107">
<area shape="rect" href="$epapi__term_8h.html" title="/home/jldupont/workspace/epapi/trunk/project/lib/include/epapi_term.h" alt="" coords="2616,80,3040,107">
